---
source: tui/src/bottom_pane/copilot_usage_tests.rs
assertion_line: 63
expression: output
---
80 false false: |                                                                 Copilot $0.0003|
32 false false: |                 Copilot $0.0003|
80 false true: |                                                         Copilot $0.0003 pending|
32 false true: |         Copilot $0.0003 pending|
80 true false: |                                                         Copilot $0.0003 partial|
32 true false: |         Copilot $0.0003 partial|
80 true true: |                                               Copilot $0.0003 partial · pending|
32 true true: |       $0.0003 partial · pending|
Copilot usage unavailable
Copilot cost unavailable
