---
source: tui/src/bottom_pane/copilot_usage_tests.rs
assertion_line: 31
expression: output
---
80 false false: |                                          Copilot tracked: 0.0295 cr · $0.000295|
32 false false: |                       0.0295 cr|
80 false true: |                                  Copilot tracked: 0.0295 cr · $0.000295 pending|
32 false true: |               0.0295 cr pending|
80 true false: |                                  Copilot tracked: 0.0295 cr · $0.000295 partial|
32 true false: |               0.0295 cr partial|
80 true true: |                        Copilot tracked: 0.0295 cr · $0.000295 partial · pending|
32 true true: |     0.0295 cr partial · pending|
Copilot usage unavailable
Copilot cost unavailable
